[2025-03-08 18:55:43] Ошибка: Капча не пройдена.
[2025-03-09 10:11:04] Ошибка: Капча не пройдена.
[2025-03-09 12:55:07] Ошибка: Логин не соответствует требованиям длины.
[2025-03-09 12:57:17] Ошибка: Логин не соответствует требованиям длины.
[2025-03-10 15:41:16] Ошибка: Капча не пройдена.
[2025-03-10 16:04:17] Ошибка: Пароль недостаточно сложный.
[2025-03-11 08:29:10] Ошибка: Капча не пройдена.
[2025-03-11 08:29:42] Ошибка: Не все поля заполнены.
[2025-03-11 08:30:12] Ошибка: Не все поля заполнены.
[2025-03-11 08:32:45] Ошибка: Пользователь с логином maksverbickij2005 уже существует.
[2025-03-11 08:34:35] Ошибка: Логин не соответствует требованиям длины.
[2025-03-11 08:41:29] Ошибка: Капча не пройдена.
[2025-03-11 09:22:24] Ошибка: Пароль не соответствует требованиям длины.
[2025-03-11 09:31:26] Ошибка: Пароль не соответствует требованиям длины.
[2025-03-11 09:31:36] Ошибка: Логин не соответствует требованиям длины.
[2025-03-11 09:35:15] Ошибка: Логин не соответствует требованиям длины.
[2025-03-11 09:35:36] Ошибка: Логин не соответствует требованиям длины.
[2025-03-11 09:41:39] Ошибка: Логин не соответствует требованиям длины.
[2025-03-11 09:41:47] Ошибка: Пароль не соответствует требованиям длины.
[2025-03-11 09:41:52] Ошибка: Пароль не соответствует требованиям длины.
[2025-03-11 09:42:21] Ошибка: Пароль не соответствует требованиям длины.
[2025-03-11 09:42:49] Ошибка: Логин не соответствует требованиям длины.
[2025-03-11 09:43:14] Ошибка: Пароль недостаточно сложный.
[2025-03-11 09:47:48] Ошибка: Пароль недостаточно сложный.
[2025-03-11 09:48:01] Ошибка: Пароль недостаточно сложный.
[2025-03-11 09:48:07] Ошибка: Пароль недостаточно сложный.
[2025-03-11 09:48:27] Ошибка: Пароль недостаточно сложный.
[2025-03-11 12:11:57] Ошибка: Пароль недостаточно сложный.
[2025-03-11 12:19:32] Ошибка: Пользователь с логином 213123123 не найден.
[2025-03-11 12:19:34] Ошибка: Пользователь с логином 213123123 не найден.
[2025-03-11 12:19:36] Ошибка: Пользователь с логином 213123123 не найден.
[2025-03-11 12:19:43] Ошибка: Пароль не соответствует требованиям длины.
[2025-03-11 12:20:52] Ошибка: Пароль не соответствует требованиям длины.
[2025-03-11 12:20:56] Ошибка: Пароль не соответствует требованиям длины.
[2025-03-11 12:21:43] Ошибка: Пароль не соответствует требованиям длины.
[2025-03-11 12:22:05] Ошибка: Пользователь с логином maksverbic не найден.
[2025-03-11 12:35:15] Ошибка: Пользователь с логином maksverbic не найден.
[2025-03-11 13:21:27] Ошибка: Пароль не соответствует требованиям длины.
[2025-03-11 13:21:40] Ошибка: Пароль не соответствует требованиям длины.
[2025-03-11 13:21:51] Ошибка: Пароль не соответствует требованиям длины.
[2025-03-11 13:21:53] Ошибка: Пароль не соответствует требованиям длины.
[2025-03-11 14:04:38] Ошибка: Пароль не соответствует требованиям длины.
[2025-03-11 15:59:42] Ошибка: Неверный пароль для пользователя maksim2005.
[2025-03-11 16:14:39] Ошибка: Неверный пароль для пользователя maksim2005.
[2025-03-11 16:14:51] Ошибка: Неверный пароль для пользователя maksim2005.
[2025-03-11 16:15:02] Ошибка: Неверный пароль для пользователя maksim2005.
[2025-03-11 18:18:29] Ошибка: Пользователь с логином maksim2005 уже существует.
[2025-03-11 18:42:32] Успех: Пароль для пользователя maksim2005 успешно изменен.
[2025-03-11 18:47:59] Ошибка: Логин содержит недопустимые символы.
[2025-03-11 18:48:18] Ошибка: Логин содержит недопустимые символы.
[2025-03-12 20:03:31] Ошибка: Пользователь с логином maksim2006 не найден.
[2025-03-12 20:30:57] Ошибка: Пользователь с логином maksim2005 уже существует.
[2025-03-12 20:31:02] Ошибка: Пользователь с логином maksim2005 уже существует.
[2025-03-12 20:33:47] Ошибка: Пользователь с логином maksim2005 уже существует.
[2025-03-13 14:01:44] Ошибка базы данных: Field 'secret_question' doesn't have a default value
[2025-03-13 14:02:11] Ошибка базы данных: Field 'secret_question' doesn't have a default value
[2025-03-13 14:04:14] Ошибка базы данных: Field 'secret_question' doesn't have a default value
[2025-03-13 14:53:00] Ошибка базы данных: Field 'secret_question' doesn't have a default value
[2025-03-13 14:53:34] Ошибка базы данных: Field 'secret_question' doesn't have a default value
[2025-03-13 15:06:08] Ошибка: Пользователь с логином maksverbickij2005 не найден.
[2025-03-13 15:12:12] Ошибка: Неверный пароль для пользователя verbickijmaksim2005.
[2025-03-13 15:12:28] Ошибка: Неверный пароль для пользователя verbickijmaksim2005.
[2025-03-13 15:13:40] Ошибка: Неверный пароль для пользователя verbickijmaksim2005.
[2025-03-14 10:17:18] Ошибка: Неверный пароль для пользователя verbickijmaksim2005.
[2025-03-15 08:51:23] Ошибка подготовки запроса: 
[2025-03-15 08:53:29] Подготавливаемый запрос: SELECT * FROM users WHERE login = ?
[2025-03-15 08:53:29] Подготавливаемый запрос: INSERT INTO users (login, pass, email, secret_question, secret_answer) VALUES (?, ?, ?, ?, ?)
[2025-03-15 08:53:29] Ошибка подготовки запроса: 
[2025-03-15 08:54:33] Подготавливаемый запрос: SELECT * FROM users WHERE login = ?
[2025-03-15 08:54:33] Подготавливаемый запрос: INSERT INTO users (login, pass, email, secret_question, secret_answer) VALUES (?, ?, ?, ?, ?)
[2025-03-15 08:54:33] Ошибка подготовки запроса: 
[2025-03-15 08:56:48] Подготавливаемый запрос: SELECT * FROM users WHERE login = ?
[2025-03-15 08:56:48] Подготавливаемый запрос: INSERT INTO users (login, pass, email, secret_question, secret_answer) VALUES (?, ?, ?, ?, ?)
[2025-03-15 08:56:48] Ошибка подготовки запроса: 
[2025-03-15 08:56:55] Подготавливаемый запрос: SELECT * FROM users WHERE login = ?
[2025-03-15 08:56:55] Подготавливаемый запрос: INSERT INTO users (login, pass, email, secret_question, secret_answer) VALUES (?, ?, ?, ?, ?)
[2025-03-15 08:56:55] Ошибка подготовки запроса: 
[2025-03-15 08:58:38] Подготавливаемый запрос: SELECT * FROM users WHERE login = ?
[2025-03-15 08:58:38] Подготавливаемый запрос: INSERT INTO users (login, pass, email, secret_question, secret_answer) VALUES (?, ?, ?, ?, ?)
[2025-03-15 08:58:38] Ошибка подготовки запроса: 
[2025-03-15 09:01:17] Подготавливаемый запрос: SELECT * FROM users WHERE login = ?
[2025-03-15 09:01:18] Подготавливаемый запрос: INSERT INTO users (login, pass, email, secret_question, secret_answer) VALUES (?, ?, ?, ?, ?)
[2025-03-20 09:31:59] Подготавливаемый запрос: SELECT * FROM users WHERE login = ?
[2025-03-20 09:31:59] Подготавливаемый запрос: INSERT INTO users (login, pass, email, secret_question, secret_answer) VALUES (?, ?, ?, ?, ?)
[2025-03-20 09:32:56] Ошибка: Неверный пароль для пользователя dfsdsfds123.
[2025-03-20 09:33:10] Ошибка: Неверный пароль для пользователя dfsdsfds123.
