[2025-03-08 18:55:43] Ошибка: Капча не пройдена.
[2025-03-09 10:11:04] Ошибка: Капча не пройдена.
[2025-03-09 12:55:07] Ошибка: Логин не соответствует требованиям длины.
[2025-03-09 12:57:17] Ошибка: Логин не соответствует требованиям длины.
[2025-03-10 15:41:16] Ошибка: Капча не пройдена.
[2025-03-10 16:04:17] Ошибка: Пароль недостаточно сложный.
[2025-03-11 08:29:10] Ошибка: Капча не пройдена.
[2025-03-11 08:29:42] Ошибка: Не все поля заполнены.
[2025-03-11 08:30:12] Ошибка: Не все поля заполнены.
[2025-03-11 08:32:45] Ошибка: Пользователь с логином maksverbickij2005 уже существует.
[2025-03-11 08:34:35] Ошибка: Логин не соответствует требованиям длины.
[2025-03-11 08:41:29] Ошибка: Капча не пройдена.
[2025-03-11 09:22:24] Ошибка: Пароль не соответствует требованиям длины.
[2025-03-11 09:31:26] Ошибка: Пароль не соответствует требованиям длины.
[2025-03-11 09:31:36] Ошибка: Логин не соответствует требованиям длины.
[2025-03-11 09:35:15] Ошибка: Логин не соответствует требованиям длины.
[2025-03-11 09:35:36] Ошибка: Логин не соответствует требованиям длины.
[2025-03-11 09:41:39] Ошибка: Логин не соответствует требованиям длины.
[2025-03-11 09:41:47] Ошибка: Пароль не соответствует требованиям длины.
[2025-03-11 09:41:52] Ошибка: Пароль не соответствует требованиям длины.
[2025-03-11 09:42:21] Ошибка: Пароль не соответствует требованиям длины.
[2025-03-11 09:42:49] Ошибка: Логин не соответствует требованиям длины.
[2025-03-11 09:43:14] Ошибка: Пароль недостаточно сложный.
[2025-03-11 09:47:48] Ошибка: Пароль недостаточно сложный.
[2025-03-11 09:48:01] Ошибка: Пароль недостаточно сложный.
[2025-03-11 09:48:07] Ошибка: Пароль недостаточно сложный.
[2025-03-11 09:48:27] Ошибка: Пароль недостаточно сложный.
[2025-03-11 12:11:57] Ошибка: Пароль недостаточно сложный.
[2025-03-11 12:19:32] Ошибка: Пользователь с логином 213123123 не найден.
[2025-03-11 12:19:34] Ошибка: Пользователь с логином 213123123 не найден.
[2025-03-11 12:19:36] Ошибка: Пользователь с логином 213123123 не найден.
[2025-03-11 12:19:43] Ошибка: Пароль не соответствует требованиям длины.
[2025-03-11 12:20:52] Ошибка: Пароль не соответствует требованиям длины.
[2025-03-11 12:20:56] Ошибка: Пароль не соответствует требованиям длины.
[2025-03-11 12:21:43] Ошибка: Пароль не соответствует требованиям длины.
[2025-03-11 12:22:05] Ошибка: Пользователь с логином maksverbic не найден.
[2025-03-11 12:35:15] Ошибка: Пользователь с логином maksverbic не найден.
[2025-03-11 13:21:27] Ошибка: Пароль не соответствует требованиям длины.
[2025-03-11 13:21:40] Ошибка: Пароль не соответствует требованиям длины.
[2025-03-11 13:21:51] Ошибка: Пароль не соответствует требованиям длины.
[2025-03-11 13:21:53] Ошибка: Пароль не соответствует требованиям длины.
[2025-03-11 14:04:38] Ошибка: Пароль не соответствует требованиям длины.
[2025-03-11 15:59:42] Ошибка: Неверный пароль для пользователя maksim2005.
[2025-03-11 16:14:39] Ошибка: Неверный пароль для пользователя maksim2005.
[2025-03-11 16:14:51] Ошибка: Неверный пароль для пользователя maksim2005.
[2025-03-11 16:15:02] Ошибка: Неверный пароль для пользователя maksim2005.
[2025-03-11 18:18:29] Ошибка: Пользователь с логином maksim2005 уже существует.
[2025-03-11 18:42:32] Успех: Пароль для пользователя maksim2005 успешно изменен.
[2025-03-11 18:47:59] Ошибка: Логин содержит недопустимые символы.
[2025-03-11 18:48:18] Ошибка: Логин содержит недопустимые символы.
[2025-03-12 20:03:31] Ошибка: Пользователь с логином maksim2006 не найден.
[2025-03-12 20:30:57] Ошибка: Пользователь с логином maksim2005 уже существует.
[2025-03-12 20:31:02] Ошибка: Пользователь с логином maksim2005 уже существует.
[2025-03-12 20:33:47] Ошибка: Пользователь с логином maksim2005 уже существует.
[2025-03-13 14:01:44] Ошибка базы данных: Field 'secret_question' doesn't have a default value
[2025-03-13 14:02:11] Ошибка базы данных: Field 'secret_question' doesn't have a default value
[2025-03-13 14:04:14] Ошибка базы данных: Field 'secret_question' doesn't have a default value
[2025-03-13 14:53:00] Ошибка базы данных: Field 'secret_question' doesn't have a default value
[2025-03-13 14:53:34] Ошибка базы данных: Field 'secret_question' doesn't have a default value
[2025-03-13 15:06:08] Ошибка: Пользователь с логином maksverbickij2005 не найден.
[2025-03-13 15:12:12] Ошибка: Неверный пароль для пользователя verbickijmaksim2005.
[2025-03-13 15:12:28] Ошибка: Неверный пароль для пользователя verbickijmaksim2005.
[2025-03-13 15:13:40] Ошибка: Неверный пароль для пользователя verbickijmaksim2005.
[2025-03-14 10:17:18] Ошибка: Неверный пароль для пользователя verbickijmaksim2005.
[2025-03-15 08:51:23] Ошибка подготовки запроса: 
[2025-03-15 08:53:29] Подготавливаемый запрос: SELECT * FROM users WHERE login = ?
[2025-03-15 08:53:29] Подготавливаемый запрос: INSERT INTO users (login, pass, email, secret_question, secret_answer) VALUES (?, ?, ?, ?, ?)
[2025-03-15 08:53:29] Ошибка подготовки запроса: 
[2025-03-15 08:54:33] Подготавливаемый запрос: SELECT * FROM users WHERE login = ?
[2025-03-15 08:54:33] Подготавливаемый запрос: INSERT INTO users (login, pass, email, secret_question, secret_answer) VALUES (?, ?, ?, ?, ?)
[2025-03-15 08:54:33] Ошибка подготовки запроса: 
[2025-03-15 08:56:48] Подготавливаемый запрос: SELECT * FROM users WHERE login = ?
[2025-03-15 08:56:48] Подготавливаемый запрос: INSERT INTO users (login, pass, email, secret_question, secret_answer) VALUES (?, ?, ?, ?, ?)
[2025-03-15 08:56:48] Ошибка подготовки запроса: 
[2025-03-15 08:56:55] Подготавливаемый запрос: SELECT * FROM users WHERE login = ?
[2025-03-15 08:56:55] Подготавливаемый запрос: INSERT INTO users (login, pass, email, secret_question, secret_answer) VALUES (?, ?, ?, ?, ?)
[2025-03-15 08:56:55] Ошибка подготовки запроса: 
[2025-03-15 08:58:38] Подготавливаемый запрос: SELECT * FROM users WHERE login = ?
[2025-03-15 08:58:38] Подготавливаемый запрос: INSERT INTO users (login, pass, email, secret_question, secret_answer) VALUES (?, ?, ?, ?, ?)
[2025-03-15 08:58:38] Ошибка подготовки запроса: 
[2025-03-15 09:01:17] Подготавливаемый запрос: SELECT * FROM users WHERE login = ?
[2025-03-15 09:01:18] Подготавливаемый запрос: INSERT INTO users (login, pass, email, secret_question, secret_answer) VALUES (?, ?, ?, ?, ?)
[2025-03-15 20:30:50] Подготавливаемый запрос: SELECT * FROM users WHERE login = ?
[2025-03-15 20:30:50] Подготавливаемый запрос: INSERT INTO users (login, pass, email, secret_question, secret_answer) VALUES (?, ?, ?, ?, ?)
[2025-03-15 20:31:58] Ошибка: Неверный пароль для пользователя verbickij2005.
[2025-03-17 13:02:44] Подготавливаемый запрос: SELECT * FROM users WHERE login = ?
[2025-03-17 13:02:44] Подготавливаемый запрос: INSERT INTO users (login, pass, email, secret_question, secret_answer) VALUES (?, ?, ?, ?, ?)
[2025-03-17 13:17:28] Подготавливаемый запрос: SELECT * FROM users WHERE login = ?
[2025-03-17 13:17:28] Подготавливаемый запрос: INSERT INTO users (login, pass, email, secret_question, secret_answer) VALUES (?, ?, ?, ?, ?)
[2025-03-17 13:23:13] Подготавливаемый запрос: SELECT * FROM users WHERE login = ?
[2025-03-17 13:23:13] Подготавливаемый запрос: INSERT INTO users (login, pass, email, secret_question, secret_answer) VALUES (?, ?, ?, ?, ?)
[2025-03-17 14:24:25] Подготавливаемый запрос: SELECT * FROM users WHERE login = ?
[2025-03-17 14:24:25] Подготавливаемый запрос: INSERT INTO users (login, pass, email, secret_question, secret_answer) VALUES (?, ?, ?, ?, ?)
[2025-03-17 14:33:15] Подготавливаемый запрос: SELECT * FROM users WHERE login = ?
[2025-03-17 14:33:16] Подготавливаемый запрос: INSERT INTO users (login, pass, email, secret_question, secret_answer) VALUES (?, ?, ?, ?, ?)
[2025-03-17 14:34:43] Подготавливаемый запрос: SELECT * FROM users WHERE login = ?
[2025-03-17 14:34:43] Ошибка: Пользователь с логином maksim2005 уже существует.
[2025-03-17 14:34:58] Подготавливаемый запрос: SELECT * FROM users WHERE login = ?
[2025-03-17 14:34:58] Подготавливаемый запрос: INSERT INTO users (login, pass, email, secret_question, secret_answer) VALUES (?, ?, ?, ?, ?)
[2025-03-17 14:39:47] Подготавливаемый запрос: SELECT * FROM users WHERE login = ?
[2025-03-17 14:39:47] Подготавливаемый запрос: INSERT INTO users (login, pass, email, secret_question, secret_answer) VALUES (?, ?, ?, ?, ?)
[2025-03-17 14:40:51] Подготавливаемый запрос: SELECT * FROM users WHERE login = ?
[2025-03-17 14:40:51] Подготавливаемый запрос: INSERT INTO users (login, pass, email, secret_question, secret_answer) VALUES (?, ?, ?, ?, ?)
[2025-03-17 14:43:53] Подготавливаемый запрос: SELECT * FROM users WHERE login = ?
[2025-03-17 14:43:53] Подготавливаемый запрос: INSERT INTO users (login, pass, email, secret_question, secret_answer) VALUES (?, ?, ?, ?, ?)
[2025-03-17 14:45:10] Подготавливаемый запрос: SELECT * FROM users WHERE login = ?
[2025-03-17 14:45:10] Подготавливаемый запрос: INSERT INTO users (login, pass, email, secret_question, secret_answer) VALUES (?, ?, ?, ?, ?)
[2025-03-17 14:45:42] Подготавливаемый запрос: SELECT * FROM users WHERE login = ?
[2025-03-17 14:45:42] Подготавливаемый запрос: INSERT INTO users (login, pass, email, secret_question, secret_answer) VALUES (?, ?, ?, ?, ?)
[2025-03-17 14:49:18] Подготавливаемый запрос: SELECT * FROM users WHERE login = ?
[2025-03-17 14:49:18] Подготавливаемый запрос: INSERT INTO users (login, pass, email, secret_question, secret_answer) VALUES (?, ?, ?, ?, ?)
[2025-03-17 14:50:53] Ошибка: Пароли не совпадают.
[2025-03-17 14:51:44] Подготавливаемый запрос: SELECT * FROM users WHERE login = ?
[2025-03-17 14:51:45] Подготавливаемый запрос: INSERT INTO users (login, pass, email, secret_question, secret_answer) VALUES (?, ?, ?, ?, ?)
[2025-03-17 18:42:08] Ошибка: Пользователь с логином maksim2006 не найден.
[2025-03-18 08:36:39] Подготавливаемый запрос: SELECT * FROM users WHERE login = ?
[2025-03-18 08:36:39] Подготавливаемый запрос: INSERT INTO users (login, pass, email, secret_question, secret_answer) VALUES (?, ?, ?, ?, ?)
[2025-03-18 08:38:15] Подготавливаемый запрос: SELECT * FROM users WHERE login = ?
[2025-03-18 08:38:15] Подготавливаемый запрос: INSERT INTO users (login, pass, email, secret_question, secret_answer) VALUES (?, ?, ?, ?, ?)
[2025-03-18 08:38:15] Ошибка базы данных: Duplicate entry 'verbickijmaksim2005@gmail.vom' for key 'email'
[2025-03-18 08:43:56] Подготавливаемый запрос: SELECT * FROM users WHERE login = ?
[2025-03-18 08:43:56] Подготавливаемый запрос: INSERT INTO users (login, pass, email, secret_question, secret_answer) VALUES (?, ?, ?, ?, ?)
[2025-03-18 08:44:31] Ошибка: Неверный пароль для пользователя verbickijmaksim2005.
[2025-03-18 08:47:04] Подготавливаемый запрос: SELECT * FROM users WHERE login = ?
[2025-03-18 08:47:04] Подготавливаемый запрос: INSERT INTO users (login, pass, email, secret_question, secret_answer) VALUES (?, ?, ?, ?, ?)
[2025-03-18 09:00:28] Подготавливаемый запрос: SELECT * FROM users WHERE login = ?
[2025-03-18 09:00:28] Подготавливаемый запрос: INSERT INTO users (login, pass, email, secret_question, secret_answer) VALUES (?, ?, ?, ?, ?)
[2025-03-18 09:00:28] Ошибка базы данных: Duplicate entry 'verbickijmaksim2005@gmail.com' for key 'email'
[2025-03-18 09:03:26] Ошибка: Неверный пароль для пользователя verbickijmaksim2005.
[2025-03-18 09:05:19] Подготавливаемый запрос: SELECT * FROM users WHERE login = ?
[2025-03-18 09:05:19] Подготавливаемый запрос: INSERT INTO users (login, pass, email, secret_question, secret_answer) VALUES (?, ?, ?, ?, ?)
[2025-03-18 09:05:19] Ошибка базы данных: Duplicate entry 'verbickijmaksim2005@gmail.com' for key 'email'
[2025-03-18 09:09:10] Подготавливаемый запрос: SELECT * FROM users WHERE login = ?
[2025-03-18 09:09:10] Подготавливаемый запрос: INSERT INTO users (login, pass, email, secret_question, secret_answer) VALUES (?, ?, ?, ?, ?)
[2025-03-18 11:56:20] Ошибка: Неверный пароль для пользователя verbickijmaksim2005.
[2025-03-18 13:34:07] Ошибка: Неверный пароль для пользователя verbickijmaksim2005.
[2025-03-18 14:40:46] Подготавливаемый запрос: SELECT * FROM users WHERE login = ?
[2025-03-18 14:40:46] Подготавливаемый запрос: INSERT INTO users (login, pass, email, secret_question, secret_answer) VALUES (?, ?, ?, ?, ?)
[2025-03-18 14:42:04] Ошибка: Неверный пароль для пользователя verbickijmaksim2005.
[2025-03-18 14:43:02] Подготавливаемый запрос: SELECT * FROM users WHERE login = ?
[2025-03-18 14:43:02] Подготавливаемый запрос: INSERT INTO users (login, pass, email, secret_question, secret_answer) VALUES (?, ?, ?, ?, ?)
[2025-03-18 14:43:02] Ошибка базы данных: Duplicate entry 'verbickijmaksim2005@gmail.com' for key 'email'
[2025-03-18 14:43:28] Подготавливаемый запрос: SELECT * FROM users WHERE login = ?
[2025-03-18 14:43:28] Подготавливаемый запрос: INSERT INTO users (login, pass, email, secret_question, secret_answer) VALUES (?, ?, ?, ?, ?)
[2025-03-18 14:43:28] Ошибка базы данных: Duplicate entry 'verbickijmaksim2005@gmail.com' for key 'email'
[2025-03-18 14:43:33] Подготавливаемый запрос: SELECT * FROM users WHERE login = ?
[2025-03-18 14:43:33] Подготавливаемый запрос: INSERT INTO users (login, pass, email, secret_question, secret_answer) VALUES (?, ?, ?, ?, ?)
[2025-03-18 14:43:33] Ошибка базы данных: Duplicate entry 'verbickijmaksim2005@gmail.com' for key 'email'
[2025-03-18 14:44:14] Подготавливаемый запрос: SELECT * FROM users WHERE login = ?
[2025-03-18 14:44:14] Подготавливаемый запрос: INSERT INTO users (login, pass, email, secret_question, secret_answer) VALUES (?, ?, ?, ?, ?)
[2025-03-18 13:45:11] Ошибка: Пользователь с логином maksim20069 не найден.
[2025-03-18 13:45:36] Подготавливаемый запрос: SELECT * FROM users WHERE login = ?
[2025-03-18 13:45:36] Подготавливаемый запрос: INSERT INTO users (login, pass, email, secret_question, secret_answer) VALUES (?, ?, ?, ?, ?)
[2025-03-18 19:00:40] Подготавливаемый запрос: SELECT * FROM users WHERE login = ?
[2025-03-18 19:00:40] Подготавливаемый запрос: INSERT INTO users (login, pass, email, secret_question, secret_answer) VALUES (?, ?, ?, ?, ?)
[2025-03-18 19:06:26] Подготавливаемый запрос: SELECT * FROM users WHERE login = ?
[2025-03-18 19:06:26] Подготавливаемый запрос: INSERT INTO users (login, pass, email, secret_question, secret_answer) VALUES (?, ?, ?, ?, ?)
[2025-03-18 20:44:36] Подготавливаемый запрос: SELECT * FROM users WHERE login = ?
[2025-03-18 20:44:36] Подготавливаемый запрос: INSERT INTO users (login, pass, email, secret_question, secret_answer) VALUES (?, ?, ?, ?, ?)
[2025-03-18 20:47:26] Подготавливаемый запрос: SELECT * FROM users WHERE login = ?
[2025-03-18 20:47:26] Подготавливаемый запрос: INSERT INTO users (login, pass, email, secret_question, secret_answer) VALUES (?, ?, ?, ?, ?)
[2025-03-18 20:51:36] Подготавливаемый запрос: SELECT * FROM users WHERE login = ?
[2025-03-18 20:51:36] Подготавливаемый запрос: INSERT INTO users (login, pass, email, secret_question, secret_answer) VALUES (?, ?, ?, ?, ?)
[2025-03-18 20:52:04] Подготавливаемый запрос: SELECT * FROM users WHERE login = ?
[2025-03-18 20:52:04] Подготавливаемый запрос: INSERT INTO users (login, pass, email, secret_question, secret_answer) VALUES (?, ?, ?, ?, ?)
[2025-03-18 20:58:33] Подготавливаемый запрос: SELECT * FROM users WHERE login = ?
[2025-03-18 20:58:33] Подготавливаемый запрос: INSERT INTO users (login, pass, email, secret_question, secret_answer) VALUES (?, ?, ?, ?, ?)
[2025-03-18 20:59:13] Подготавливаемый запрос: SELECT * FROM users WHERE login = ?
[2025-03-18 20:59:13] Подготавливаемый запрос: INSERT INTO users (login, pass, email, secret_question, secret_answer) VALUES (?, ?, ?, ?, ?)
[2025-03-18 21:00:43] Подготавливаемый запрос: SELECT * FROM users WHERE login = ?
[2025-03-18 21:00:43] Подготавливаемый запрос: INSERT INTO users (login, pass, email, secret_question, secret_answer) VALUES (?, ?, ?, ?, ?)
[2025-03-18 21:00:52] Ошибка: Пользователь с логином maksim2029345 не найден.
[2025-03-18 21:01:40] Подготавливаемый запрос: SELECT * FROM users WHERE login = ?
[2025-03-18 21:01:40] Ошибка: Пользователь с логином maksim2005 уже существует.
[2025-03-18 21:02:10] Подготавливаемый запрос: SELECT * FROM users WHERE login = ?
[2025-03-18 21:02:11] Подготавливаемый запрос: INSERT INTO users (login, pass, email, secret_question, secret_answer) VALUES (?, ?, ?, ?, ?)
[2025-03-19 08:27:47] Подготавливаемый запрос: SELECT * FROM users WHERE login = ?
[2025-03-19 08:27:47] Подготавливаемый запрос: INSERT INTO users (login, pass, email, secret_question, secret_answer) VALUES (?, ?, ?, ?, ?)
[2025-03-19 08:44:51] Подготавливаемый запрос: SELECT * FROM users WHERE login = ?
[2025-03-19 08:44:51] Подготавливаемый запрос: INSERT INTO users (login, pass, email, secret_question, secret_answer) VALUES (?, ?, ?, ?, ?)
[2025-03-19 08:44:51] Ошибка базы данных: Duplicate entry 'verbickijmaksim2005@gmail.com' for key 'email'
[2025-03-19 08:45:21] Подготавливаемый запрос: SELECT * FROM users WHERE login = ?
[2025-03-19 08:45:21] Подготавливаемый запрос: INSERT INTO users (login, pass, email, secret_question, secret_answer) VALUES (?, ?, ?, ?, ?)
[2025-03-19 08:47:54] Подготавливаемый запрос: SELECT * FROM users WHERE login = ?
[2025-03-19 08:47:54] Подготавливаемый запрос: INSERT INTO users (login, pass, email, secret_question, secret_answer) VALUES (?, ?, ?, ?, ?)
[2025-03-19 08:47:54] Ошибка базы данных: Duplicate entry 'verbickijmaksim2005@gmail.com' for key 'email'
[2025-03-19 08:48:19] Подготавливаемый запрос: SELECT * FROM users WHERE login = ?
[2025-03-19 08:48:19] Подготавливаемый запрос: INSERT INTO users (login, pass, email, secret_question, secret_answer) VALUES (?, ?, ?, ?, ?)
[2025-03-19 08:48:19] Ошибка базы данных: Duplicate entry 'verbickijmaksim2005@gmail.com' for key 'email'
[2025-03-19 08:49:10] Подготавливаемый запрос: SELECT * FROM users WHERE login = ?
[2025-03-19 08:49:10] Подготавливаемый запрос: INSERT INTO users (login, pass, email, secret_question, secret_answer) VALUES (?, ?, ?, ?, ?)
[2025-03-19 08:49:53] Подготавливаемый запрос: SELECT * FROM users WHERE login = ?
[2025-03-19 08:49:53] Подготавливаемый запрос: INSERT INTO users (login, pass, email, secret_question, secret_answer) VALUES (?, ?, ?, ?, ?)
[2025-03-19 08:49:53] Ошибка базы данных: Duplicate entry 'verbickijmaksim2005@gmail.com' for key 'email'
[2025-03-19 08:50:21] Подготавливаемый запрос: SELECT * FROM users WHERE login = ?
[2025-03-19 08:50:22] Подготавливаемый запрос: INSERT INTO users (login, pass, email, secret_question, secret_answer) VALUES (?, ?, ?, ?, ?)
[2025-03-19 08:50:22] Ошибка базы данных: Duplicate entry 'verbickijmaksim2005@gmail.com' for key 'email'
[2025-03-19 08:52:18] Подготавливаемый запрос: SELECT * FROM users WHERE login = ?
[2025-03-19 08:52:18] Подготавливаемый запрос: INSERT INTO users (login, pass, email, secret_question, secret_answer) VALUES (?, ?, ?, ?, ?)
[2025-03-19 08:52:49] Подготавливаемый запрос: SELECT * FROM users WHERE login = ?
[2025-03-19 08:52:49] Подготавливаемый запрос: INSERT INTO users (login, pass, email, secret_question, secret_answer) VALUES (?, ?, ?, ?, ?)
[2025-03-19 08:53:56] Подготавливаемый запрос: SELECT * FROM users WHERE login = ?
[2025-03-19 08:53:56] Подготавливаемый запрос: INSERT INTO users (login, pass, email, secret_question, secret_answer) VALUES (?, ?, ?, ?, ?)
[2025-03-19 08:53:56] Ошибка базы данных: Duplicate entry 'verbickijmaksim2005@gmail.com' for key 'email'
[2025-03-19 08:54:38] Подготавливаемый запрос: SELECT * FROM users WHERE login = ?
[2025-03-19 08:54:38] Подготавливаемый запрос: INSERT INTO users (login, pass, email, secret_question, secret_answer) VALUES (?, ?, ?, ?, ?)
[2025-03-19 08:54:38] Ошибка базы данных: Duplicate entry 'verbickijmaksim2005@gmail.com' for key 'email'
[2025-03-19 08:55:14] Подготавливаемый запрос: SELECT * FROM users WHERE login = ?
[2025-03-19 08:55:14] Подготавливаемый запрос: INSERT INTO users (login, pass, email, secret_question, secret_answer) VALUES (?, ?, ?, ?, ?)
[2025-03-19 08:56:52] Подготавливаемый запрос: SELECT * FROM users WHERE login = ?
[2025-03-19 08:56:52] Подготавливаемый запрос: INSERT INTO users (login, pass, email, secret_question, secret_answer) VALUES (?, ?, ?, ?, ?)
[2025-03-19 09:02:15] Подготавливаемый запрос: SELECT * FROM users WHERE login = ?
[2025-03-19 09:02:15] Подготавливаемый запрос: INSERT INTO users (login, pass, email, secret_question, secret_answer) VALUES (?, ?, ?, ?, ?)
[2025-03-19 09:08:52] Ошибка: Логин содержит недопустимые символы.
[2025-03-19 09:09:40] Подготавливаемый запрос: SELECT * FROM users WHERE login = ?
[2025-03-19 09:09:40] Подготавливаемый запрос: INSERT INTO users (login, pass, email, secret_question, secret_answer) VALUES (?, ?, ?, ?, ?)
[2025-03-19 09:26:39] Подготавливаемый запрос: SELECT * FROM users WHERE login = ?
[2025-03-19 09:26:39] Подготавливаемый запрос: INSERT INTO users (login, pass, email, secret_question, secret_answer) VALUES (?, ?, ?, ?, ?)
[2025-03-19 09:30:58] Подготавливаемый запрос: SELECT * FROM users WHERE login = ?
[2025-03-19 09:30:58] Подготавливаемый запрос: INSERT INTO users (login, pass, email, secret_question, secret_answer) VALUES (?, ?, ?, ?, ?)
[2025-03-19 09:30:58] Ошибка базы данных: Duplicate entry 'verbickijmaksim2005@gmail.com' for key 'email'
[2025-03-19 09:31:26] Ошибка: Пароли не совпадают.
[2025-03-19 09:31:53] Подготавливаемый запрос: SELECT * FROM users WHERE login = ?
[2025-03-19 09:31:53] Подготавливаемый запрос: INSERT INTO users (login, pass, email, secret_question, secret_answer) VALUES (?, ?, ?, ?, ?)
[2025-03-19 09:31:53] Ошибка базы данных: Duplicate entry 'verbickijmaksim2005@gmail.com' for key 'email'
[2025-03-19 09:33:14] Подготавливаемый запрос: SELECT * FROM users WHERE login = ?
[2025-03-19 09:33:14] Подготавливаемый запрос: INSERT INTO users (login, pass, email, secret_question, secret_answer) VALUES (?, ?, ?, ?, ?)
[2025-03-19 09:33:57] Ошибка: Логин не соответствует требованиям длины.
[2025-03-19 09:34:25] Ошибка: Логин не соответствует требованиям длины.
[2025-03-19 09:34:48] Подготавливаемый запрос: SELECT * FROM users WHERE login = ?
[2025-03-19 09:34:48] Подготавливаемый запрос: INSERT INTO users (login, pass, email, secret_question, secret_answer) VALUES (?, ?, ?, ?, ?)
[2025-03-19 09:34:48] Ошибка базы данных: Duplicate entry 'verbickijmaksim2005@gmail.com' for key 'email'
[2025-03-19 12:33:56] Подготавливаемый запрос: SELECT * FROM users WHERE login = ?
[2025-03-19 12:33:56] Подготавливаемый запрос: INSERT INTO users (login, pass, email, secret_question, secret_answer) VALUES (?, ?, ?, ?, ?)
[2025-03-19 12:45:29] Подготавливаемый запрос: SELECT * FROM users WHERE login = ?
[2025-03-19 12:45:29] Подготавливаемый запрос: INSERT INTO users (login, pass, email, secret_question, secret_answer) VALUES (?, ?, ?, ?, ?)
[2025-03-19 12:45:29] Ошибка базы данных: Duplicate entry 'verbickijmaksim2005@gmail.com' for key 'email'
[2025-03-19 12:46:03] Подготавливаемый запрос: SELECT * FROM users WHERE login = ?
[2025-03-19 12:46:03] Подготавливаемый запрос: INSERT INTO users (login, pass, email, secret_question, secret_answer) VALUES (?, ?, ?, ?, ?)
[2025-03-19 12:46:03] Ошибка базы данных: Duplicate entry 'verbickijmaksim2005@gmail.com' for key 'email'
[2025-03-19 12:52:12] Подготавливаемый запрос: SELECT * FROM users WHERE login = ?
[2025-03-19 12:52:12] Подготавливаемый запрос: INSERT INTO users (login, pass, email, secret_question, secret_answer) VALUES (?, ?, ?, ?, ?)
[2025-03-19 12:52:12] Ошибка базы данных: Duplicate entry 'verbickijmaksim2005@gmail.com' for key 'email'
[2025-03-19 12:52:40] Подготавливаемый запрос: SELECT * FROM users WHERE login = ?
[2025-03-19 12:52:41] Подготавливаемый запрос: INSERT INTO users (login, pass, email, secret_question, secret_answer) VALUES (?, ?, ?, ?, ?)
[2025-03-19 12:52:41] Ошибка базы данных: Duplicate entry 'verbickijmaksim2005@gmail.com' for key 'email'
[2025-03-19 12:53:19] Подготавливаемый запрос: SELECT * FROM users WHERE login = ?
[2025-03-19 12:53:20] Подготавливаемый запрос: INSERT INTO users (login, pass, email, secret_question, secret_answer) VALUES (?, ?, ?, ?, ?)
[2025-03-19 12:53:20] Ошибка базы данных: Duplicate entry 'verbickijmaksim2005@gmail.com' for key 'email'
[2025-03-19 12:59:22] Подготавливаемый запрос: SELECT * FROM users WHERE login = ?
[2025-03-19 12:59:23] Подготавливаемый запрос: INSERT INTO users (login, pass, email, secret_question, secret_answer) VALUES (?, ?, ?, ?, ?)
[2025-03-19 12:59:23] Ошибка базы данных: Duplicate entry 'verbickijmaksim2005@gmail.com' for key 'email'
[2025-03-19 13:00:18] Подготавливаемый запрос: SELECT * FROM users WHERE login = ?
[2025-03-19 13:00:18] Подготавливаемый запрос: INSERT INTO users (login, pass, email, secret_question, secret_answer) VALUES (?, ?, ?, ?, ?)
[2025-03-19 13:06:21] Подготавливаемый запрос: SELECT * FROM users WHERE login = ?
[2025-03-19 13:06:21] Подготавливаемый запрос: INSERT INTO users (login, pass, email, secret_question, secret_answer) VALUES (?, ?, ?, ?, ?)
[2025-03-25 15:28:14] Подготавливаемый запрос: SELECT * FROM users WHERE login = ?
[2025-03-25 15:28:14] Подготавливаемый запрос: INSERT INTO users (login, pass, email, secret_question, secret_answer) VALUES (?, ?, ?, ?, ?)
[2025-03-26 12:36:07] Ошибка: Неверный пароль для пользователя admin.
[2025-03-26 12:36:26] Ошибка: Неверный пароль для пользователя admin.
[2025-03-26 12:37:09] Ошибка: Неверный пароль для пользователя admin.
[2025-03-26 12:38:48] Ошибка: Неверный пароль для пользователя admin.
[2025-03-26 12:46:00] Ошибка: Неверный пароль для пользователя admin.
[2025-03-26 12:46:18] Ошибка: Неверный пароль для пользователя admin.
[2025-03-26 12:51:18] Ошибка: Неверный пароль для пользователя admin. Введенный пароль: Rollins_1986
[2025-03-26 12:51:42] Ошибка: Неверный пароль для пользователя admin. Введенный пароль: Rollins_1986
[2025-03-26 12:53:52] Ошибка: Неверный пароль для пользователя admin. Введенный пароль: Rollins_1986
[2025-03-26 12:54:25] Подготавливаемый запрос: SELECT * FROM users WHERE login = ?
[2025-03-26 12:54:25] Подготавливаемый запрос: INSERT INTO users (login, pass, email, secret_question, secret_answer) VALUES (?, ?, ?, ?, ?)
[2025-03-26 13:01:09] Ошибка: Пользователь с логином admin не найден.
[2025-03-26 13:17:34] Ошибка: Пользователь с логином admin не найден.
[2025-03-28 10:13:56] Подготавливаемый запрос: SELECT * FROM users WHERE login = ?
[2025-03-28 10:13:56] Подготавливаемый запрос: INSERT INTO users (login, pass, email, secret_question, secret_answer) VALUES (?, ?, ?, ?, ?)
[2025-03-28 10:19:39] Ошибка: Логин не соответствует требованиям длины.
[2025-03-28 10:20:24] Ошибка: Логин не соответствует требованиям длины.
[2025-03-28 10:20:48] Ошибка: Логин содержит недопустимые символы.
[2025-03-28 10:21:40] Ошибка: Некорректный email.
[2025-03-28 10:24:07] Ошибка: Некорректный email.
[2025-03-28 10:25:01] Подготавливаемый запрос: SELECT * FROM users WHERE login = ?
[2025-03-28 10:25:01] Ошибка: Пользователь с логином TestUser123 уже существует.
[2025-03-28 11:21:47] Подготавливаемый запрос: SELECT * FROM users WHERE login = ?
[2025-03-28 11:21:47] Подготавливаемый запрос: INSERT INTO users (login, pass, email, secret_question, secret_answer) VALUES (?, ?, ?, ?, ?)
[2025-03-28 11:21:47] Ошибка базы данных: Duplicate entry 'verbickijmaksim2005@gmail.com' for key 'email'
[2025-03-28 11:22:42] Подготавливаемый запрос: SELECT * FROM users WHERE login = ?
[2025-03-28 11:22:42] Подготавливаемый запрос: INSERT INTO users (login, pass, email, secret_question, secret_answer) VALUES (?, ?, ?, ?, ?)
[2025-04-01 08:09:14] Подготавливаемый запрос: SELECT * FROM users WHERE login = ?
[2025-04-01 08:09:14] Подготавливаемый запрос: INSERT INTO users (login, pass, email, secret_question, secret_answer) VALUES (?, ?, ?, ?, ?)
[2025-04-01 08:09:14] Ошибка базы данных: Duplicate entry 'verbickijmaksim2005@gmail.com' for key 'email'
[2025-04-01 08:10:01] Подготавливаемый запрос: SELECT * FROM users WHERE login = ?
[2025-04-01 08:10:01] Подготавливаемый запрос: INSERT INTO users (login, pass, email, secret_question, secret_answer) VALUES (?, ?, ?, ?, ?)
[2025-04-01 08:24:32] Подготавливаемый запрос: SELECT * FROM users WHERE login = ?
[2025-04-01 08:24:32] Подготавливаемый запрос: INSERT INTO users (login, pass, email, secret_question, secret_answer) VALUES (?, ?, ?, ?, ?)
[2025-04-01 08:43:30] Подготавливаемый запрос: SELECT * FROM users WHERE login = ?
[2025-04-01 08:43:30] Подготавливаемый запрос: INSERT INTO users (login, pass, email, secret_question, secret_answer) VALUES (?, ?, ?, ?, ?)
[2025-04-01 09:00:40] Подготавливаемый запрос: SELECT * FROM users WHERE login = ?
[2025-04-01 09:00:40] Подготавливаемый запрос: INSERT INTO users (login, pass, email, secret_question, secret_answer) VALUES (?, ?, ?, ?, ?)
[2025-04-01 12:16:21] Подготавливаемый запрос: SELECT * FROM users WHERE login = ?
[2025-04-01 12:16:21] Подготавливаемый запрос: INSERT INTO users (login, pass, email, secret_question, secret_answer) VALUES (?, ?, ?, ?, ?)
[2025-04-01 12:41:43] Подготавливаемый запрос: SELECT * FROM users WHERE login = ?
[2025-04-01 12:41:44] Подготавливаемый запрос: INSERT INTO users (login, pass, email, secret_question, secret_answer) VALUES (?, ?, ?, ?, ?)
[2025-04-01 13:20:35] Подготавливаемый запрос: SELECT * FROM users WHERE login = ?
[2025-04-01 13:20:35] Подготавливаемый запрос: INSERT INTO users (login, pass, email, secret_question, secret_answer) VALUES (?, ?, ?, ?, ?)
[2025-04-01 13:55:32] Подготавливаемый запрос: SELECT * FROM users WHERE login = ?
[2025-04-01 13:55:32] Подготавливаемый запрос: INSERT INTO users (login, pass, email, secret_question, secret_answer) VALUES (?, ?, ?, ?, ?)
[2025-04-01 13:56:31] Подготавливаемый запрос: SELECT * FROM users WHERE login = ?
[2025-04-01 13:56:31] Подготавливаемый запрос: INSERT INTO users (login, pass, email, secret_question, secret_answer) VALUES (?, ?, ?, ?, ?)
[2025-04-02 08:16:40] Подготавливаемый запрос: SELECT * FROM users WHERE login = ?
[2025-04-02 08:16:40] Подготавливаемый запрос: INSERT INTO users (login, pass, email, secret_question, secret_answer) VALUES (?, ?, ?, ?, ?)
[2025-04-02 08:16:40] Ошибка базы данных: Duplicate entry 'verbickijmaksim2005@gmail.com' for key 'email'
[2025-04-02 08:17:23] Подготавливаемый запрос: SELECT * FROM users WHERE login = ?
[2025-04-02 08:17:23] Подготавливаемый запрос: INSERT INTO users (login, pass, email, secret_question, secret_answer) VALUES (?, ?, ?, ?, ?)
[2025-04-02 08:17:23] Ошибка базы данных: Duplicate entry 'verbickijmaksim2005@gmail.com' for key 'email'
[2025-04-02 08:17:27] Подготавливаемый запрос: SELECT * FROM users WHERE login = ?
[2025-04-02 08:17:27] Подготавливаемый запрос: INSERT INTO users (login, pass, email, secret_question, secret_answer) VALUES (?, ?, ?, ?, ?)
[2025-04-02 08:17:27] Ошибка базы данных: Duplicate entry 'verbickijmaksim2005@gmail.com' for key 'email'
[2025-04-02 08:18:55] Подготавливаемый запрос: SELECT * FROM users WHERE login = ?
[2025-04-02 08:18:55] Подготавливаемый запрос: INSERT INTO users (login, pass, email, secret_question, secret_answer) VALUES (?, ?, ?, ?, ?)
[2025-04-02 13:43:43] Подготавливаемый запрос: SELECT * FROM users WHERE login = ?
[2025-04-02 13:43:43] Подготавливаемый запрос: INSERT INTO users (login, pass, email, secret_question, secret_answer) VALUES (?, ?, ?, ?, ?)
[2025-04-04 11:03:48] Подготавливаемый запрос: SELECT * FROM users WHERE login = ?
[2025-04-04 11:03:48] Подготавливаемый запрос: INSERT INTO users (login, pass, email, secret_question, secret_answer) VALUES (?, ?, ?, ?, ?)
